[2026-02-13 21:17:42] BUILD START
[2026-02-13 21:17:42] STEP 1: Building Docker image...
[2026-02-13 21:25:56] BUILD START
[2026-02-13 21:25:56] STEP 1: Docker image already built
[2026-02-13 21:25:56] STEP 2: Setup buildroot...
[2026-02-13 21:27:07] Buildroot setup COMPLETE (71s)
[2026-02-13 21:27:07] STEP 3: Configure x86_64...
[2026-02-13 21:28:21] BUILD START
[2026-02-13 21:28:21] STEP 1: Docker image already built
[2026-02-13 21:28:21] STEP 2: Setup buildroot...
[2026-02-13 21:28:25] Buildroot setup COMPLETE (4s)
[2026-02-13 21:28:25] STEP 3: Configure x86_64...
[2026-02-13 21:29:30] BUILD START
[2026-02-13 21:29:30] STEP 1: Docker image already built
[2026-02-13 21:29:30] STEP 2: Setup buildroot...
[2026-02-13 21:29:35] Buildroot setup COMPLETE (5s)
[2026-02-13 21:29:35] STEP 3: Configure x86_64...
[2026-02-13 21:29:35] Configure x86_64 COMPLETE (0s)
[2026-02-13 21:29:35] STEP 4: Build Toolchain...
[2026-02-13 21:29:35] Toolchain build COMPLETE (0s)
[2026-02-13 21:29:35] STEP 5: Build System...
[2026-02-13 21:29:35] System build COMPLETE (0s)
[2026-02-13 21:29:35] STEP 6: Build Packages...
[2026-02-13 21:29:35] Packages build COMPLETE (0s)
[2026-02-13 21:29:35] STEP 7: Build Final Image...
[2026-02-13 21:29:36] Image build COMPLETE (1s)
[2026-02-13 21:29:36] BUILD END - TOTAL: 6s
[2026-02-13 21:59:20] BUILD START
[2026-02-13 21:59:20] STEP 1: Docker image already built
[2026-02-13 21:59:20] STEP 2: Setup buildroot...
[2026-02-13 21:59:24] Buildroot setup COMPLETE (4s)
[2026-02-13 21:59:24] STEP 3: Configure x86_64...
[2026-02-13 21:59:24] Configure x86_64 COMPLETE (0s)
[2026-02-13 21:59:24] STEP 4: Build Toolchain...
[2026-02-13 21:59:24] Toolchain build COMPLETE (0s)
[2026-02-13 21:59:24] STEP 5: Build System...
[2026-02-13 21:59:25] System build COMPLETE (1s)
[2026-02-13 21:59:25] STEP 6: Build Packages...
[2026-02-13 21:59:25] Packages build COMPLETE (0s)
[2026-02-13 21:59:25] STEP 7: Build Final Image...
[2026-02-13 21:59:25] Image build COMPLETE (0s)
[2026-02-13 21:59:25] BUILD END - TOTAL: 5s
[2026-02-13 22:02:05] BUILD START
[2026-02-13 22:02:05] STEP 1: Docker image already built
[2026-02-13 22:02:05] STEP 2: Setup buildroot + merge recalbox...
[2026-02-13 22:02:19] Buildroot setup COMPLETE (14s)
[2026-02-13 22:02:19] STEP 3: Configure x86_64...
[2026-02-13 22:07:28] BUILD START
[2026-02-13 22:07:28] STEP 1: Docker image already built
[2026-02-13 22:07:28] STEP 2: Setup buildroot + merge recalbox...
[2026-02-13 22:07:37] Buildroot setup COMPLETE (9s)
[2026-02-13 22:07:37] STEP 3: Configure x86_64...
[2026-02-13 22:09:51] BUILD START
[2026-02-13 22:09:51] STEP 1: Docker image already built
[2026-02-13 22:09:51] STEP 2: Setup buildroot + merge recalbox...
[2026-02-13 22:10:00] Buildroot setup COMPLETE (9s)
[2026-02-13 22:10:00] STEP 3: Configure x86_64...
